[debug] [2026-09-24T10:21:42.641Z] ----------------------------------------------------------------------
[debug] [2026-09-24T10:21:42.643Z] Command:       /Users/timc/.nvm/versions/node/v24.18.0/bin/node /Users/timc/.nvm/versions/node/v24.18.0/bin/firebase deploy --only functions:spotifyLookup
[debug] [2026-09-24T10:21:42.643Z] CLI Version:   15.31.0
[debug] [2026-09-24T10:21:42.643Z] Platform:      darwin
[debug] [2026-09-24T10:21:42.643Z] Node Version:  v24.18.0
[debug] [2026-09-24T10:21:42.643Z] Detected Agent: unknown
[debug] [2026-09-24T10:21:42.643Z] Time:          Thu Sep 24 2026 11:21:42 GMT+0100 (British Summer Time)
[debug] [2026-09-24T10:21:42.643Z] ----------------------------------------------------------------------
[debug] 
[debug] [2026-09-24T10:21:43.229Z] > command requires scopes: ["email","openid","https://www.googleapis.com/auth/cloudplatformprojects.readonly","https://www.googleapis.com/auth/firebase","https://www.googleapis.com/auth/cloud-platform"]
[debug] [2026-09-24T10:21:43.229Z] > authorizing via signed-in user (tim@brokenhands.io)
[debug] [2026-09-24T10:21:43.230Z] [iam] checking project mixtape-75bdc for permissions ["cloudfunctions.functions.create","cloudfunctions.functions.delete","cloudfunctions.functions.get","cloudfunctions.functions.list","cloudfunctions.functions.update","cloudfunctions.operations.get","firebase.projects.get"]
[debug] [2026-09-24T10:21:43.238Z] Checked if tokens are valid: true, expires at: 1790248759216
[debug] [2026-09-24T10:21:43.238Z] Checked if tokens are valid: true, expires at: 1790248759216
[debug] [2026-09-24T10:21:43.239Z] >>> [apiv2][query] POST https://cloudresourcemanager.googleapis.com/v1/projects/mixtape-75bdc:testIamPermissions [none]
[debug] [2026-09-24T10:21:43.239Z] >>> [apiv2][(partial)header] POST https://cloudresourcemanager.googleapis.com/v1/projects/mixtape-75bdc:testIamPermissions  x-goog-user-project=mixtape-75bdc
[debug] [2026-09-24T10:21:43.239Z] >>> [apiv2][body] POST https://cloudresourcemanager.googleapis.com/v1/projects/mixtape-75bdc:testIamPermissions {"permissions":["cloudfunctions.functions.create","cloudfunctions.functions.delete","cloudfunctions.functions.get","cloudfunctions.functions.list","cloudfunctions.functions.update","cloudfunctions.operations.get","firebase.projects.get"]}
[debug] [2026-09-24T10:21:43.433Z] <<< [apiv2][status] POST https://cloudresourcemanager.googleapis.com/v1/projects/mixtape-75bdc:testIamPermissions 200
[debug] [2026-09-24T10:21:43.433Z] <<< [apiv2][body] POST https://cloudresourcemanager.googleapis.com/v1/projects/mixtape-75bdc:testIamPermissions {"permissions":["cloudfunctions.functions.create","cloudfunctions.functions.delete","cloudfunctions.functions.get","cloudfunctions.functions.list","cloudfunctions.functions.update","cloudfunctions.operations.get","firebase.projects.get"]}
[debug] [2026-09-24T10:21:43.433Z] Checked if tokens are valid: true, expires at: 1790248759216
[debug] [2026-09-24T10:21:43.433Z] Checked if tokens are valid: true, expires at: 1790248759216
[debug] [2026-09-24T10:21:43.433Z] >>> [apiv2][query] POST https://iam.googleapis.com/v1/projects/mixtape-75bdc/serviceAccounts/mixtape-75bdc@appspot.gserviceaccount.com:testIamPermissions [none]
[debug] [2026-09-24T10:21:43.433Z] >>> [apiv2][body] POST https://iam.googleapis.com/v1/projects/mixtape-75bdc/serviceAccounts/mixtape-75bdc@appspot.gserviceaccount.com:testIamPermissions {"permissions":["iam.serviceAccounts.actAs"]}
[debug] [2026-09-24T10:21:44.063Z] <<< [apiv2][status] POST https://iam.googleapis.com/v1/projects/mixtape-75bdc/serviceAccounts/mixtape-75bdc@appspot.gserviceaccount.com:testIamPermissions 200
[debug] [2026-09-24T10:21:44.063Z] <<< [apiv2][body] POST https://iam.googleapis.com/v1/projects/mixtape-75bdc/serviceAccounts/mixtape-75bdc@appspot.gserviceaccount.com:testIamPermissions {"permissions":["iam.serviceAccounts.actAs"]}
[info] 
[info] === Deploying to 'mixtape-75bdc'...
[info] 
[info] i  deploying functions 
[debug] [2026-09-24T10:21:44.065Z] Checked if tokens are valid: true, expires at: 1790248759216
[debug] [2026-09-24T10:21:44.065Z] Checked if tokens are valid: true, expires at: 1790248759216
[debug] [2026-09-24T10:21:44.066Z] >>> [apiv2][query] GET https://cloudresourcemanager.googleapis.com/v1/projects/mixtape-75bdc [none]
[debug] [2026-09-24T10:21:44.225Z] <<< [apiv2][status] GET https://cloudresourcemanager.googleapis.com/v1/projects/mixtape-75bdc 200
[debug] [2026-09-24T10:21:44.226Z] <<< [apiv2][body] GET https://cloudresourcemanager.googleapis.com/v1/projects/mixtape-75bdc {"projectNumber":"245476585389","projectId":"mixtape-75bdc","lifecycleState":"ACTIVE","name":"Mixtape","labels":{"firebase":"enabled","firebase-core":"disabled"},"createTime":"2026-07-22T10:02:30.089Z","parent":{"type":"folder","id":"829125971749"}}
[info] i  functions: preparing codebase default for deployment 
[info] i  functions: ensuring required API cloudfunctions.googleapis.com is enabled... 
[info] i  functions: ensuring required API cloudbuild.googleapis.com is enabled... 
[info] i  artifactregistry: ensuring required API artifactregistry.googleapis.com is enabled... 
[debug] [2026-09-24T10:21:44.228Z] Checked if tokens are valid: true, expires at: 1790248759216
[debug] [2026-09-24T10:21:44.228Z] Checked if tokens are valid: true, expires at: 1790248759216
[debug] [2026-09-24T10:21:44.228Z] >>> [apiv2][query] GET https://firebase.googleapis.com/v1beta1/projects/mixtape-75bdc/adminSdkConfig [none]
[debug] [2026-09-24T10:21:44.510Z] <<< [apiv2][status] GET https://firebase.googleapis.com/v1beta1/projects/mixtape-75bdc/adminSdkConfig 200
[debug] [2026-09-24T10:21:44.510Z] <<< [apiv2][body] GET https://firebase.googleapis.com/v1beta1/projects/mixtape-75bdc/adminSdkConfig {"projectId":"mixtape-75bdc","storageBucket":"mixtape-75bdc.firebasestorage.app"}
[debug] [2026-09-24T10:21:44.510Z] Checked if tokens are valid: true, expires at: 1790248759216
[debug] [2026-09-24T10:21:44.510Z] Checked if tokens are valid: true, expires at: 1790248759216
[debug] [2026-09-24T10:21:44.510Z] >>> [apiv2][query] GET https://runtimeconfig.googleapis.com/v1beta1/projects/mixtape-75bdc/configs [none]
[debug] [2026-09-24T10:21:45.302Z] <<< [apiv2][status] GET https://runtimeconfig.googleapis.com/v1beta1/projects/mixtape-75bdc/configs 200
[debug] [2026-09-24T10:21:45.302Z] <<< [apiv2][body] GET https://runtimeconfig.googleapis.com/v1beta1/projects/mixtape-75bdc/configs {}
[debug] [2026-09-24T10:21:45.303Z] Validating nodejs source
[debug] [2026-09-24T10:21:45.711Z] > [functions] package.json contents: {
  "name": "mixtape-functions",
  "description": "Cloud Functions for Mixtape push notifications",
  "main": "index.js",
  "engines": {
    "node": "24"
  },
  "dependencies": {
    "firebase-admin": "^14.3.0",
    "firebase-functions": "^7.3.2"
  },
  "private": true,
  "overrides": {
    "uuid": "^11.1.1",
    "rimraf": "^6"
  },
  "allowScripts": {
    "@firebase/util@1.15.3": true,
    "protobufjs@7.6.5": true
  }
}
[debug] [2026-09-24T10:21:45.711Z] Building nodejs source
[info] i  functions: Loading and analyzing source code for codebase default to determine what to deploy 
[debug] [2026-09-24T10:21:45.712Z] Could not find functions.yaml. Must use http discovery
[debug] [2026-09-24T10:21:45.721Z] Found firebase-functions binary at '/Users/timc/Developer/BrokenHands/mixtape-manifesto/functions/node_modules/.bin/firebase-functions'
[info] Serving at port 8825

[debug] [2026-09-24T10:21:46.238Z] Got response from /__/functions.yaml {"endpoints":{"notifyOnContactRequest":{"availableMemoryMb":null,"timeoutSeconds":null,"minInstances":null,"maxInstances":null,"ingressSettings":null,"concurrency":null,"serviceAccountEmail":null,"vpc":null,"platform":"gcfv2","region":["europe-west2"],"labels":{},"eventTrigger":{"eventType":"google.cloud.firestore.document.v1.created","eventFilters":{"database":"mixtape-db","namespace":"(default)"},"eventFilterPathPatterns":{"document":"contact_requests/{requestId}"},"retry":false},"entryPoint":"notifyOnContactRequest"},"notifyOnMixtape":{"availableMemoryMb":null,"timeoutSeconds":null,"minInstances":null,"maxInstances":null,"ingressSettings":null,"concurrency":null,"serviceAccountEmail":null,"vpc":null,"platform":"gcfv2","region":["europe-west2"],"labels":{},"eventTrigger":{"eventType":"google.cloud.firestore.document.v1.created","eventFilters":{"database":"mixtape-db","namespace":"(default)"},"eventFilterPathPatterns":{"document":"conversations/{conversationId}/messages/{messageId}"},"retry":false},"entryPoint":"notifyOnMixtape"},"spotifyLookup":{"availableMemoryMb":null,"timeoutSeconds":null,"minInstances":null,"maxInstances":null,"ingressSettings":null,"concurrency":null,"serviceAccountEmail":null,"vpc":null,"platform":"gcfv2","region":["europe-west2"],"secretEnvironmentVariables":[{"key":"SPOTIFY_CLIENT_ID"},{"key":"SPOTIFY_CLIENT_SECRET"}],"labels":{},"callableTrigger":{},"entryPoint":"spotifyLookup"}},"specVersion":"v1alpha1","requiredAPIs":[],"extensions":{},"params":[{"type":"secret","name":"SPOTIFY_CLIENT_ID"},{"type":"secret","name":"SPOTIFY_CLIENT_SECRET"}]}
[debug] [2026-09-24T10:21:49.257Z] Checked if tokens are valid: true, expires at: 1790248759216
[debug] [2026-09-24T10:21:49.257Z] Checked if tokens are valid: true, expires at: 1790248759216
[debug] [2026-09-24T10:21:49.257Z] >>> [apiv2][query] GET https://cloudfunctions.googleapis.com/v1/projects/mixtape-75bdc/locations/-/functions [none]
[debug] [2026-09-24T10:21:49.889Z] <<< [apiv2][status] GET https://cloudfunctions.googleapis.com/v1/projects/mixtape-75bdc/locations/-/functions 200
[debug] [2026-09-24T10:21:49.889Z] <<< [apiv2][body] GET https://cloudfunctions.googleapis.com/v1/projects/mixtape-75bdc/locations/-/functions {}
[debug] [2026-09-24T10:21:49.890Z] Checked if tokens are valid: true, expires at: 1790248759216
[debug] [2026-09-24T10:21:49.890Z] Checked if tokens are valid: true, expires at: 1790248759216
[debug] [2026-09-24T10:21:49.890Z] >>> [apiv2][query] GET https://cloudfunctions.googleapis.com/v2/projects/mixtape-75bdc/locations/-/functions filter=environment%3D%22GEN_2%22
[debug] [2026-09-24T10:21:50.949Z] <<< [apiv2][status] GET https://cloudfunctions.googleapis.com/v2/projects/mixtape-75bdc/locations/-/functions 200
[debug] [2026-09-24T10:21:50.949Z] <<< [apiv2][body] GET https://cloudfunctions.googleapis.com/v2/projects/mixtape-75bdc/locations/-/functions {"functions":[{"name":"projects/mixtape-75bdc/locations/europe-west2/functions/notifyOnContactRequest","buildConfig":{"build":"projects/245476585389/locations/europe-west2/builds/0b735015-0276-4f29-a42f-92d2b0627a8f","runtime":"nodejs24","entryPoint":"notifyOnContactRequest","source":{"storageSource":{"bucket":"gcf-v2-sources-245476585389-europe-west2","object":"notifyOnContactRequest/function-source.zip","generation":"1787228645228848"}},"environmentVariables":{"GOOGLE_NODE_RUN_SCRIPTS":""},"dockerRepository":"projects/mixtape-75bdc/locations/europe-west2/repositories/gcf-artifacts","sourceProvenance":{"resolvedStorageSource":{"bucket":"gcf-v2-sources-245476585389-europe-west2","object":"notifyOnContactRequest/function-source.zip","generation":"1787228645228848"}},"dockerRegistry":"ARTIFACT_REGISTRY","serviceAccount":"projects/mixtape-75bdc/serviceAccounts/245476585389-compute@developer.gserviceaccount.com","automaticUpdatePolicy":{}},"serviceConfig":{"service":"projects/mixtape-75bdc/locations/europe-west2/services/notifyoncontactrequest","timeoutSeconds":60,"environmentVariables":{"FIREBASE_CONFIG":"{\"projectId\":\"mixtape-75bdc\",\"storageBucket\":\"mixtape-75bdc.firebasestorage.app\"}","GCLOUD_PROJECT":"mixtape-75bdc","EVENTARC_CLOUD_EVENT_SOURCE":"projects/mixtape-75bdc/locations/europe-west2/services/notifyOnContactRequest","FUNCTION_REGION":"europe-west2","FUNCTION_SIGNATURE_TYPE":"cloudevent","FUNCTION_TARGET":"notifyOnContactRequest","LOG_EXECUTION_ID":"true"},"ingressSettings":"ALLOW_ALL","uri":"https://notifyoncontactrequest-gl2t7gkwaa-nw.a.run.app","serviceAccountEmail":"245476585389-compute@developer.gserviceaccount.com","availableMemory":"256Mi","allTrafficOnLatestRevision":true,"revision":"notifyoncontactrequest-00001-duw","maxInstanceRequestConcurrency":80,"availableCpu":"1"},"eventTrigger":{"trigger":"projects/mixtape-75bdc/locations/eur3/triggers/notifyoncontactrequest-583136","triggerRegion":"eur3","eventType":"google.cloud.firestore.document.v1.created","eventFilters":[{"attribute":"document","value":"contact_requests/{requestId}","operator":"match-path-pattern"},{"attribute":"database","value":"mixtape-db"},{"attribute":"namespace","value":"(default)"}],"pubsubTopic":"projects/mixtape-75bdc/topics/eventarc-eur3-notifyoncontactrequest-583136-546","serviceAccountEmail":"245476585389-compute@developer.gserviceaccount.com","retryPolicy":"RETRY_POLICY_DO_NOT_RETRY"},"state":"ACTIVE","updateTime":"2026-09-24T10:20:32.337152563Z","labels":{"firebase-functions-hash":"70f5314ea2c01f5ff8bbc978c73413f96ae7b648","deployment-tool":"cli-firebase"},"environment":"GEN_2","url":"https://europe-west2-mixtape-75bdc.cloudfunctions.net/notifyOnContactRequest","satisfiesPzs":true,"createTime":"2026-08-20T12:24:05.700572148Z","satisfiesPzi":true},{"name":"projects/mixtape-75bdc/locations/europe-west2/functions/notifyOnMixtape","buildConfig":{"build":"projects/245476585389/locations/europe-west2/builds/0b735015-0276-4f29-a42f-92d2b0627a8f","runtime":"nodejs24","entryPoint":"notifyOnMixtape","source":{"storageSource":{"bucket":"gcf-v2-sources-245476585389-europe-west2","object":"notifyOnMixtape/function-source.zip","generation":"1787228683633865"}},"environmentVariables":{"GOOGLE_NODE_RUN_SCRIPTS":""},"dockerRepository":"projects/mixtape-75bdc/locations/europe-west2/repositories/gcf-artifacts","sourceProvenance":{"resolvedStorageSource":{"bucket":"gcf-v2-sources-245476585389-europe-west2","object":"notifyOnMixtape/function-source.zip","generation":"1787228683633865"}},"dockerRegistry":"ARTIFACT_REGISTRY","serviceAccount":"projects/mixtape-75bdc/serviceAccounts/245476585389-compute@developer.gserviceaccount.com","automaticUpdatePolicy":{}},"serviceConfig":{"service":"projects/mixtape-75bdc/locations/europe-west2/services/notifyonmixtape","timeoutSeconds":60,"environmentVariables":{"FIREBASE_CONFIG":"{\"projectId\":\"mixtape-75bdc\",\"storageBucket\":\"mixtape-75bdc.firebasestorage.app\"}","GCLOUD_PROJECT":"mixtape-75bdc","EVENTARC_CLOUD_EVENT_SOURCE":"projects/mixtape-75bdc/locations/europe-west2/services/notifyOnMixtape","FUNCTION_REGION":"europe-west2","FUNCTION_SIGNATURE_TYPE":"cloudevent","FUNCTION_TARGET":"notifyOnMixtape","LOG_EXECUTION_ID":"true"},"maxInstanceCount":100,"ingressSettings":"ALLOW_ALL","uri":"https://notifyonmixtape-gl2t7gkwaa-nw.a.run.app","serviceAccountEmail":"245476585389-compute@developer.gserviceaccount.com","availableMemory":"256Mi","allTrafficOnLatestRevision":true,"revision":"notifyonmixtape-00002-joc","maxInstanceRequestConcurrency":80,"availableCpu":"1"},"eventTrigger":{"trigger":"projects/mixtape-75bdc/locations/eur3/triggers/notifyonmixtape-491924","triggerRegion":"eur3","eventType":"google.cloud.firestore.document.v1.created","eventFilters":[{"attribute":"namespace","value":"(default)"},{"attribute":"document","value":"conversations/{conversationId}/messages/{messageId}","operator":"match-path-pattern"},{"attribute":"database","value":"mixtape-db"}],"pubsubTopic":"projects/mixtape-75bdc/topics/eventarc-eur3-notifyonmixtape-491924-727","serviceAccountEmail":"245476585389-compute@developer.gserviceaccount.com","retryPolicy":"RETRY_POLICY_DO_NOT_RETRY"},"state":"ACTIVE","updateTime":"2026-09-24T10:20:32.385696430Z","labels":{"deployment-tool":"cli-firebase","firebase-functions-hash":"70f5314ea2c01f5ff8bbc978c73413f96ae7b648"},"environment":"GEN_2","url":"https://europe-west2-mixtape-75bdc.cloudfunctions.net/notifyOnMixtape","satisfiesPzs":true,"createTime":"2026-08-20T11:43:43.544606572Z","satisfiesPzi":true}]}
[info] i  extensions: ensuring required API firebaseextensions.googleapis.com is enabled... 
[debug] [2026-09-24T10:21:50.953Z] > command requires scopes: ["email","openid","https://www.googleapis.com/auth/cloudplatformprojects.readonly","https://www.googleapis.com/auth/firebase","https://www.googleapis.com/auth/cloud-platform"]
[debug] [2026-09-24T10:21:50.953Z] > authorizing via signed-in user (tim@brokenhands.io)
[debug] [2026-09-24T10:21:50.954Z] [iam] checking project mixtape-75bdc for permissions ["firebase.projects.get","firebaseextensions.instances.list"]
[debug] [2026-09-24T10:21:50.954Z] Checked if tokens are valid: true, expires at: 1790248759216
[debug] [2026-09-24T10:21:50.954Z] Checked if tokens are valid: true, expires at: 1790248759216
[debug] [2026-09-24T10:21:50.954Z] >>> [apiv2][query] POST https://cloudresourcemanager.googleapis.com/v1/projects/mixtape-75bdc:testIamPermissions [none]
[debug] [2026-09-24T10:21:50.954Z] >>> [apiv2][(partial)header] POST https://cloudresourcemanager.googleapis.com/v1/projects/mixtape-75bdc:testIamPermissions  x-goog-user-project=mixtape-75bdc
[debug] [2026-09-24T10:21:50.954Z] >>> [apiv2][body] POST https://cloudresourcemanager.googleapis.com/v1/projects/mixtape-75bdc:testIamPermissions {"permissions":["firebase.projects.get","firebaseextensions.instances.list"]}
[debug] [2026-09-24T10:21:51.570Z] <<< [apiv2][status] POST https://cloudresourcemanager.googleapis.com/v1/projects/mixtape-75bdc:testIamPermissions 200
[debug] [2026-09-24T10:21:51.570Z] <<< [apiv2][body] POST https://cloudresourcemanager.googleapis.com/v1/projects/mixtape-75bdc:testIamPermissions {"permissions":["firebase.projects.get","firebaseextensions.instances.list"]}
[debug] [2026-09-24T10:21:51.571Z] Checked if tokens are valid: true, expires at: 1790248759216
[debug] [2026-09-24T10:21:51.571Z] Checked if tokens are valid: true, expires at: 1790248759216
[debug] [2026-09-24T10:21:51.571Z] >>> [apiv2][query] GET https://firebaseextensions.googleapis.com/v1beta/projects/mixtape-75bdc/instances pageSize=100&pageToken=
[debug] [2026-09-24T10:21:52.360Z] <<< [apiv2][status] GET https://firebaseextensions.googleapis.com/v1beta/projects/mixtape-75bdc/instances 200
[debug] [2026-09-24T10:21:52.360Z] <<< [apiv2][body] GET https://firebaseextensions.googleapis.com/v1beta/projects/mixtape-75bdc/instances {}
[debug] [2026-09-24T10:21:52.361Z] Attempting to merge .env secret bindings {} into declared secrets...)}
[debug] [2026-09-24T10:21:52.361Z] notifyOnContactRequest declared secrets: undefined
[debug] [2026-09-24T10:21:52.361Z] notifyOnMixtape declared secrets: undefined
[debug] [2026-09-24T10:21:52.361Z] spotifyLookup declared secrets: [{"key":"SPOTIFY_CLIENT_ID","secret":"SPOTIFY_CLIENT_ID","projectId":"mixtape-75bdc"},{"key":"SPOTIFY_CLIENT_SECRET","secret":"SPOTIFY_CLIENT_SECRET","projectId":"mixtape-75bdc"}]
[debug] [2026-09-24T10:21:52.362Z] Checked if tokens are valid: true, expires at: 1790248759216
[debug] [2026-09-24T10:21:52.362Z] Checked if tokens are valid: true, expires at: 1790248759216
[debug] [2026-09-24T10:21:52.362Z] >>> [apiv2][query] GET https://secretmanager.googleapis.com/v1/projects/mixtape-75bdc/secrets/SPOTIFY_CLIENT_ID [none]
[debug] [2026-09-24T10:21:52.552Z] <<< [apiv2][status] GET https://secretmanager.googleapis.com/v1/projects/mixtape-75bdc/secrets/SPOTIFY_CLIENT_ID 200
[debug] [2026-09-24T10:21:52.553Z] <<< [apiv2][body] GET https://secretmanager.googleapis.com/v1/projects/mixtape-75bdc/secrets/SPOTIFY_CLIENT_ID {"name":"projects/245476585389/secrets/SPOTIFY_CLIENT_ID","replication":{"automatic":{}},"createTime":"2026-09-24T10:20:50.984327Z","labels":{"firebase-managed":"functions"},"etag":"\"165c37f44d1dd0\""}
[debug] [2026-09-24T10:21:52.553Z] Checked if tokens are valid: true, expires at: 1790248759216
[debug] [2026-09-24T10:21:52.554Z] Checked if tokens are valid: true, expires at: 1790248759216
[debug] [2026-09-24T10:21:52.554Z] >>> [apiv2][query] GET https://secretmanager.googleapis.com/v1/projects/mixtape-75bdc/secrets/SPOTIFY_CLIENT_ID/versions/latest [none]
[debug] [2026-09-24T10:21:52.706Z] <<< [apiv2][status] GET https://secretmanager.googleapis.com/v1/projects/mixtape-75bdc/secrets/SPOTIFY_CLIENT_ID/versions/latest 200
[debug] [2026-09-24T10:21:52.706Z] <<< [apiv2][body] GET https://secretmanager.googleapis.com/v1/projects/mixtape-75bdc/secrets/SPOTIFY_CLIENT_ID/versions/latest {"name":"projects/245476585389/secrets/SPOTIFY_CLIENT_ID/versions/1","createTime":"2026-09-24T10:21:02.404514Z","state":"ENABLED","replicationStatus":{"automatic":{}},"etag":"\"165c37f4ed2ba2\""}
[debug] [2026-09-24T10:21:52.707Z] Checked if tokens are valid: true, expires at: 1790248759216
[debug] [2026-09-24T10:21:52.707Z] Checked if tokens are valid: true, expires at: 1790248759216
[debug] [2026-09-24T10:21:52.707Z] >>> [apiv2][query] GET https://secretmanager.googleapis.com/v1/projects/mixtape-75bdc/secrets/SPOTIFY_CLIENT_SECRET [none]
[debug] [2026-09-24T10:21:52.873Z] <<< [apiv2][status] GET https://secretmanager.googleapis.com/v1/projects/mixtape-75bdc/secrets/SPOTIFY_CLIENT_SECRET 200
[debug] [2026-09-24T10:21:52.873Z] <<< [apiv2][body] GET https://secretmanager.googleapis.com/v1/projects/mixtape-75bdc/secrets/SPOTIFY_CLIENT_SECRET {"name":"projects/245476585389/secrets/SPOTIFY_CLIENT_SECRET","replication":{"automatic":{}},"createTime":"2026-09-24T10:21:14.299046Z","labels":{"firebase-managed":"functions"},"etag":"\"165c37f5b0fd04\""}
[debug] [2026-09-24T10:21:52.876Z] Checked if tokens are valid: true, expires at: 1790248759216
[debug] [2026-09-24T10:21:52.876Z] Checked if tokens are valid: true, expires at: 1790248759216
[debug] [2026-09-24T10:21:52.876Z] >>> [apiv2][query] GET https://secretmanager.googleapis.com/v1/projects/mixtape-75bdc/secrets/SPOTIFY_CLIENT_SECRET/versions/latest [none]
[debug] [2026-09-24T10:21:53.057Z] <<< [apiv2][status] GET https://secretmanager.googleapis.com/v1/projects/mixtape-75bdc/secrets/SPOTIFY_CLIENT_SECRET/versions/latest 200
[debug] [2026-09-24T10:21:53.057Z] <<< [apiv2][body] GET https://secretmanager.googleapis.com/v1/projects/mixtape-75bdc/secrets/SPOTIFY_CLIENT_SECRET/versions/latest {"name":"projects/245476585389/secrets/SPOTIFY_CLIENT_SECRET/versions/1","createTime":"2026-09-24T10:21:18.434189Z","state":"ENABLED","replicationStatus":{"automatic":{}},"etag":"\"165c37f5e1c38d\""}
[info] i  functions: preparing functions directory for uploading... 
[info] i  functions: packaged /Users/timc/Developer/BrokenHands/mixtape-manifesto/functions (35.5 KB) for uploading 
[debug] [2026-09-24T10:21:53.084Z] Checked if tokens are valid: true, expires at: 1790248759216
[debug] [2026-09-24T10:21:53.084Z] Checked if tokens are valid: true, expires at: 1790248759216
[debug] [2026-09-24T10:21:53.084Z] >>> [apiv2][query] GET https://firestore.googleapis.com/v1/projects/mixtape-75bdc/databases/mixtape-db [none]
[debug] [2026-09-24T10:21:53.282Z] <<< [apiv2][status] GET https://firestore.googleapis.com/v1/projects/mixtape-75bdc/databases/mixtape-db 200
[debug] [2026-09-24T10:21:53.282Z] <<< [apiv2][body] GET https://firestore.googleapis.com/v1/projects/mixtape-75bdc/databases/mixtape-db {"name":"projects/mixtape-75bdc/databases/mixtape-db","uid":"0cfdfbe3-f355-4e5f-a446-778de71df677","createTime":"2026-07-29T09:30:43.642249Z","updateTime":"2026-07-29T09:30:43.642249Z","locationId":"eur3","type":"FIRESTORE_NATIVE","concurrencyMode":"OPTIMISTIC","versionRetentionPeriod":"3600s","earliestVersionTime":"2026-09-24T09:21:53.271758Z","appEngineIntegrationMode":"DISABLED","pointInTimeRecoveryEnablement":"POINT_IN_TIME_RECOVERY_DISABLED","deleteProtectionState":"DELETE_PROTECTION_DISABLED","databaseEdition":"ENTERPRISE","freeTier":true,"realtimeUpdatesMode":"REALTIME_UPDATES_MODE_ENABLED","firestoreDataAccessMode":"DATA_ACCESS_MODE_ENABLED","mongodbCompatibleDataAccessMode":"DATA_ACCESS_MODE_DISABLED","enhancedTextSearchQueryMode":"ENHANCED_QUERY_MODE_ENABLED","etag":"IJis1b//hpcDMNH108ie2JYD"}
[info] i  functions: ensuring required API run.googleapis.com is enabled... 
[info] i  functions: ensuring required API eventarc.googleapis.com is enabled... 
[info] i  functions: ensuring required API pubsub.googleapis.com is enabled... 
[info] i  functions: ensuring required API storage.googleapis.com is enabled... 
[info] i  functions: generating the service identity for pubsub.googleapis.com... 
[debug] [2026-09-24T10:21:53.284Z] Checked if tokens are valid: true, expires at: 1790248759216
[debug] [2026-09-24T10:21:53.284Z] Checked if tokens are valid: true, expires at: 1790248759216
[info] i  functions: generating the service identity for eventarc.googleapis.com... 
[debug] [2026-09-24T10:21:53.284Z] Checked if tokens are valid: true, expires at: 1790248759216
[debug] [2026-09-24T10:21:53.284Z] Checked if tokens are valid: true, expires at: 1790248759216
[debug] [2026-09-24T10:21:53.285Z] >>> [apiv2][query] POST https://serviceusage.googleapis.com/v1beta1/projects/245476585389/services/pubsub.googleapis.com:generateServiceIdentity [none]
[debug] [2026-09-24T10:21:53.285Z] >>> [apiv2][(partial)header] POST https://serviceusage.googleapis.com/v1beta1/projects/245476585389/services/pubsub.googleapis.com:generateServiceIdentity  x-goog-user-project=245476585389
[debug] [2026-09-24T10:21:53.285Z] >>> [apiv2][body] POST https://serviceusage.googleapis.com/v1beta1/projects/245476585389/services/pubsub.googleapis.com:generateServiceIdentity {}
[debug] [2026-09-24T10:21:53.285Z] >>> [apiv2][query] POST https://serviceusage.googleapis.com/v1beta1/projects/245476585389/services/eventarc.googleapis.com:generateServiceIdentity [none]
[debug] [2026-09-24T10:21:53.285Z] >>> [apiv2][(partial)header] POST https://serviceusage.googleapis.com/v1beta1/projects/245476585389/services/eventarc.googleapis.com:generateServiceIdentity  x-goog-user-project=245476585389
[debug] [2026-09-24T10:21:53.285Z] >>> [apiv2][body] POST https://serviceusage.googleapis.com/v1beta1/projects/245476585389/services/eventarc.googleapis.com:generateServiceIdentity {}
[debug] [2026-09-24T10:21:54.131Z] <<< [apiv2][status] POST https://serviceusage.googleapis.com/v1beta1/projects/245476585389/services/pubsub.googleapis.com:generateServiceIdentity 200
[debug] [2026-09-24T10:21:54.131Z] <<< [apiv2][body] POST https://serviceusage.googleapis.com/v1beta1/projects/245476585389/services/pubsub.googleapis.com:generateServiceIdentity {"name":"operations/finished.DONE_OPERATION","done":true,"response":{"@type":"type.googleapis.com/google.api.serviceusage.v1beta1.ServiceIdentity","email":"service-245476585389@gcp-sa-pubsub.iam.gserviceaccount.com","uniqueId":"108677204313812417273"}}
[debug] [2026-09-24T10:21:54.144Z] <<< [apiv2][status] POST https://serviceusage.googleapis.com/v1beta1/projects/245476585389/services/eventarc.googleapis.com:generateServiceIdentity 200
[debug] [2026-09-24T10:21:54.144Z] <<< [apiv2][body] POST https://serviceusage.googleapis.com/v1beta1/projects/245476585389/services/eventarc.googleapis.com:generateServiceIdentity {"name":"operations/finished.DONE_OPERATION","done":true,"response":{"@type":"type.googleapis.com/google.api.serviceusage.v1beta1.ServiceIdentity","email":"service-245476585389@gcp-sa-eventarc.iam.gserviceaccount.com","uniqueId":"103149451237744061764"}}
[info] i  functions: ensuring required API secretmanager.googleapis.com is enabled... 
[debug] [2026-09-24T10:21:54.145Z] Checked if tokens are valid: true, expires at: 1790248759216
[debug] [2026-09-24T10:21:54.145Z] Checked if tokens are valid: true, expires at: 1790248759216
[debug] [2026-09-24T10:21:54.145Z] >>> [apiv2][query] GET https://serviceusage.googleapis.com/v1/projects/245476585389/services/secretmanager.googleapis.com [none]
[debug] [2026-09-24T10:21:54.145Z] >>> [apiv2][(partial)header] GET https://serviceusage.googleapis.com/v1/projects/245476585389/services/secretmanager.googleapis.com  x-goog-user-project=245476585389
[debug] [2026-09-24T10:21:54.442Z] <<< [apiv2][status] GET https://serviceusage.googleapis.com/v1/projects/245476585389/services/secretmanager.googleapis.com 200
[debug] [2026-09-24T10:21:54.442Z] <<< [apiv2][body] GET https://serviceusage.googleapis.com/v1/projects/245476585389/services/secretmanager.googleapis.com [omitted]
[info] ✔  functions: required API secretmanager.googleapis.com is enabled 
[debug] [2026-09-24T10:21:54.457Z] Checked if tokens are valid: true, expires at: 1790248759216
[debug] [2026-09-24T10:21:54.457Z] Checked if tokens are valid: true, expires at: 1790248759216
[debug] [2026-09-24T10:21:54.457Z] Checked if tokens are valid: true, expires at: 1790248759216
[debug] [2026-09-24T10:21:54.457Z] Checked if tokens are valid: true, expires at: 1790248759216
[debug] [2026-09-24T10:21:54.457Z] >>> [apiv2][query] GET https://secretmanager.googleapis.com/v1/projects/mixtape-75bdc/secrets/SPOTIFY_CLIENT_ID/versions/latest [none]
[debug] [2026-09-24T10:21:54.458Z] >>> [apiv2][query] GET https://secretmanager.googleapis.com/v1/projects/mixtape-75bdc/secrets/SPOTIFY_CLIENT_SECRET/versions/latest [none]
[debug] [2026-09-24T10:21:54.600Z] <<< [apiv2][status] GET https://secretmanager.googleapis.com/v1/projects/mixtape-75bdc/secrets/SPOTIFY_CLIENT_ID/versions/latest 200
[debug] [2026-09-24T10:21:54.600Z] <<< [apiv2][body] GET https://secretmanager.googleapis.com/v1/projects/mixtape-75bdc/secrets/SPOTIFY_CLIENT_ID/versions/latest {"name":"projects/245476585389/secrets/SPOTIFY_CLIENT_ID/versions/1","createTime":"2026-09-24T10:21:02.404514Z","state":"ENABLED","replicationStatus":{"automatic":{}},"etag":"\"165c37f4ed2ba2\""}
[debug] [2026-09-24T10:21:54.600Z] Resolved latest secret version of SPOTIFY_CLIENT_ID to 1.
[debug] [2026-09-24T10:21:54.639Z] <<< [apiv2][status] GET https://secretmanager.googleapis.com/v1/projects/mixtape-75bdc/secrets/SPOTIFY_CLIENT_SECRET/versions/latest 200
[debug] [2026-09-24T10:21:54.639Z] <<< [apiv2][body] GET https://secretmanager.googleapis.com/v1/projects/mixtape-75bdc/secrets/SPOTIFY_CLIENT_SECRET/versions/latest {"name":"projects/245476585389/secrets/SPOTIFY_CLIENT_SECRET/versions/1","createTime":"2026-09-24T10:21:18.434189Z","state":"ENABLED","replicationStatus":{"automatic":{}},"etag":"\"165c37f5e1c38d\""}
[debug] [2026-09-24T10:21:54.640Z] Resolved latest secret version of SPOTIFY_CLIENT_SECRET to 1.
[debug] [2026-09-24T10:21:54.642Z] Checked if tokens are valid: true, expires at: 1790248759216
[debug] [2026-09-24T10:21:54.642Z] Checked if tokens are valid: true, expires at: 1790248759216
[debug] [2026-09-24T10:21:54.642Z] >>> [apiv2][query] GET https://cloudbilling.googleapis.com/v1/projects/mixtape-75bdc/billingInfo [none]
[debug] [2026-09-24T10:21:54.642Z] >>> [apiv2][(partial)header] GET https://cloudbilling.googleapis.com/v1/projects/mixtape-75bdc/billingInfo  x-goog-user-project=mixtape-75bdc
[debug] [2026-09-24T10:21:55.051Z] <<< [apiv2][status] GET https://cloudbilling.googleapis.com/v1/projects/mixtape-75bdc/billingInfo 200
[debug] [2026-09-24T10:21:55.051Z] <<< [apiv2][body] GET https://cloudbilling.googleapis.com/v1/projects/mixtape-75bdc/billingInfo {"name":"projects/mixtape-75bdc/billingInfo","projectId":"mixtape-75bdc","billingAccountName":"billingAccounts/0189CA-924229-3EC3CF","billingEnabled":true}
[debug] [2026-09-24T10:21:55.052Z] Checked if tokens are valid: true, expires at: 1790248759216
[debug] [2026-09-24T10:21:55.052Z] Checked if tokens are valid: true, expires at: 1790248759216
[debug] [2026-09-24T10:21:55.052Z] >>> [apiv2][query] POST https://cloudfunctions.googleapis.com/v2/projects/mixtape-75bdc/locations/europe-west2/functions:generateUploadUrl [none]
[debug] [2026-09-24T10:21:55.330Z] <<< [apiv2][status] POST https://cloudfunctions.googleapis.com/v2/projects/mixtape-75bdc/locations/europe-west2/functions:generateUploadUrl 200
[debug] [2026-09-24T10:21:55.331Z] <<< [apiv2][body] POST https://cloudfunctions.googleapis.com/v2/projects/mixtape-75bdc/locations/europe-west2/functions:generateUploadUrl {"uploadUrl":"https://storage.googleapis.com/gcf-v2-uploads-245476585389.europe-west2.cloudfunctions.appspot.com/ce4cfd8a-8ecd-411e-a529-285c0172a977.zip?GoogleAccessId=service-245476585389@gcf-admin-robot.iam.gserviceaccount.com&Expires=1790247115&Signature=TBA8X0qrKN3gjMG%2FrKjh3RowtUZxKf5pwOPdV%2FDWSxWKBphXdpkNmVrXPG97WD0GfxQFdyDgfSgZQM%2FTg4VjVw4IrflYsMPk6VYFG7oM85DcG1Ebaw2GmXHccdnjP%2F4XLlOUY7gtpiqQgYtXzC2oRm1zN6RqjYBrh32%2BoOkXXB0W0x9mtYtsUV7e5ry2HAHm8VlggqT%2F8XvLD2aoHtcL0QtxASQA6ygew9h3kMTAz%2BaFLzi93w2JP6PoWCDyZqbInB1nNmXoK8ODVjlV9MSxmTz9QDD3C7mDIGMJcA54kTr6JffNXAmp52n4giNePS1od0g1KkhIwLEnnoA%2Fj04QKQ%3D%3D","storageSource":{"bucket":"gcf-v2-uploads-245476585389.europe-west2.cloudfunctions.appspot.com","object":"ce4cfd8a-8ecd-411e-a529-285c0172a977.zip"}}
[debug] [2026-09-24T10:21:55.331Z] >>> [apiv2][query] PUT https://storage.googleapis.com/gcf-v2-uploads-245476585389.europe-west2.cloudfunctions.appspot.com/ce4cfd8a-8ecd-411e-a529-285c0172a977.zip GoogleAccessId=service-245476585389%40gcf-admin-robot.iam.gserviceaccount.com&Expires=1790247115&Signature=TBA8X0qrKN3gjMG%2FrKjh3RowtUZxKf5pwOPdV%2FDWSxWKBphXdpkNmVrXPG97WD0GfxQFdyDgfSgZQM%2FTg4VjVw4IrflYsMPk6VYFG7oM85DcG1Ebaw2GmXHccdnjP%2F4XLlOUY7gtpiqQgYtXzC2oRm1zN6RqjYBrh32%2BoOkXXB0W0x9mtYtsUV7e5ry2HAHm8VlggqT%2F8XvLD2aoHtcL0QtxASQA6ygew9h3kMTAz%2BaFLzi93w2JP6PoWCDyZqbInB1nNmXoK8ODVjlV9MSxmTz9QDD3C7mDIGMJcA54kTr6JffNXAmp52n4giNePS1od0g1KkhIwLEnnoA%2Fj04QKQ%3D%3D
[debug] [2026-09-24T10:21:55.332Z] >>> [apiv2][body] PUT https://storage.googleapis.com/gcf-v2-uploads-245476585389.europe-west2.cloudfunctions.appspot.com/ce4cfd8a-8ecd-411e-a529-285c0172a977.zip [stream]
[debug] [2026-09-24T10:21:55.509Z] <<< [apiv2][status] PUT https://storage.googleapis.com/gcf-v2-uploads-245476585389.europe-west2.cloudfunctions.appspot.com/ce4cfd8a-8ecd-411e-a529-285c0172a977.zip 200
[debug] [2026-09-24T10:21:55.509Z] <<< [apiv2][body] PUT https://storage.googleapis.com/gcf-v2-uploads-245476585389.europe-west2.cloudfunctions.appspot.com/ce4cfd8a-8ecd-411e-a529-285c0172a977.zip [omitted]
[info] ✔  functions: functions source uploaded successfully 
[debug] [2026-09-24T10:21:55.510Z] Checked if tokens are valid: true, expires at: 1790248759216
[debug] [2026-09-24T10:21:55.510Z] Checked if tokens are valid: true, expires at: 1790248759216
[debug] [2026-09-24T10:21:55.510Z] >>> [apiv2][query] GET https://cloudresourcemanager.googleapis.com/v1/projects/mixtape-75bdc [none]
[debug] [2026-09-24T10:21:55.660Z] <<< [apiv2][status] GET https://cloudresourcemanager.googleapis.com/v1/projects/mixtape-75bdc 200
[debug] [2026-09-24T10:21:55.660Z] <<< [apiv2][body] GET https://cloudresourcemanager.googleapis.com/v1/projects/mixtape-75bdc {"projectNumber":"245476585389","projectId":"mixtape-75bdc","lifecycleState":"ACTIVE","name":"Mixtape","labels":{"firebase":"enabled","firebase-core":"disabled"},"createTime":"2026-07-22T10:02:30.089Z","parent":{"type":"folder","id":"829125971749"}}
[debug] [2026-09-24T10:21:55.661Z] Checked if tokens are valid: true, expires at: 1790248759216
[debug] [2026-09-24T10:21:55.661Z] Checked if tokens are valid: true, expires at: 1790248759216
[debug] [2026-09-24T10:21:55.661Z] >>> [apiv2][query] GET https://compute.googleapis.com/compute/v1/projects/245476585389 [none]
[debug] [2026-09-24T10:21:55.861Z] <<< [apiv2][status] GET https://compute.googleapis.com/compute/v1/projects/245476585389 403
[debug] [2026-09-24T10:21:55.862Z] <<< [apiv2][body] GET https://compute.googleapis.com/compute/v1/projects/245476585389 {"error":{"code":403,"message":"Compute Engine API has not been used in project 245476585389 before or it is disabled. Enable it by visiting https://console.developers.google.com/apis/api/compute.googleapis.com/overview?project=245476585389 then retry. If you enabled this API recently, wait a few minutes for the action to propagate to our systems and retry.","errors":[{"message":"Compute Engine API has not been used in project 245476585389 before or it is disabled. Enable it by visiting https://console.developers.google.com/apis/api/compute.googleapis.com/overview?project=245476585389 then retry. If you enabled this API recently, wait a few minutes for the action to propagate to our systems and retry.","domain":"usageLimits","reason":"accessNotConfigured","extendedHelp":"https://console.developers.google.com"}],"status":"PERMISSION_DENIED","details":[{"@type":"type.googleapis.com/google.rpc.ErrorInfo","reason":"SERVICE_DISABLED","domain":"googleapis.com","metadata":{"consumer":"projects/245476585389","serviceTitle":"Compute Engine API","activationUrl":"https://console.developers.google.com/apis/api/compute.googleapis.com/overview?project=245476585389","service":"compute.googleapis.com","containerInfo":"245476585389"}},{"@type":"type.googleapis.com/google.rpc.LocalizedMessage","locale":"en-US","message":"Compute Engine API has not been used in project 245476585389 before or it is disabled. Enable it by visiting https://console.developers.google.com/apis/api/compute.googleapis.com/overview?project=245476585389 then retry. If you enabled this API recently, wait a few minutes for the action to propagate to our systems and retry."},{"@type":"type.googleapis.com/google.rpc.Help","links":[{"description":"Google developers console API activation","url":"https://console.developers.google.com/apis/api/compute.googleapis.com/overview?project=245476585389"}]}]}}
[debug] [2026-09-24T10:21:55.862Z] unable to look up default compute service account. Falling back to 245476585389-compute@developer.gserviceaccount.com. Error: {"name":"FirebaseError","children":[],"context":{"body":{"error":{"code":403,"message":"Compute Engine API has not been used in project 245476585389 before or it is disabled. Enable it by visiting https://console.developers.google.com/apis/api/compute.googleapis.com/overview?project=245476585389 then retry. If you enabled this API recently, wait a few minutes for the action to propagate to our systems and retry.","errors":[{"message":"Compute Engine API has not been used in project 245476585389 before or it is disabled. Enable it by visiting https://console.developers.google.com/apis/api/compute.googleapis.com/overview?project=245476585389 then retry. If you enabled this API recently, wait a few minutes for the action to propagate to our systems and retry.","domain":"usageLimits","reason":"accessNotConfigured","extendedHelp":"https://console.developers.google.com"}],"status":"PERMISSION_DENIED","details":[{"@type":"type.googleapis.com/google.rpc.ErrorInfo","reason":"SERVICE_DISABLED","domain":"googleapis.com","metadata":{"consumer":"projects/245476585389","serviceTitle":"Compute Engine API","activationUrl":"https://console.developers.google.com/apis/api/compute.googleapis.com/overview?project=245476585389","service":"compute.googleapis.com","containerInfo":"245476585389"}},{"@type":"type.googleapis.com/google.rpc.LocalizedMessage","locale":"en-US","message":"Compute Engine API has not been used in project 245476585389 before or it is disabled. Enable it by visiting https://console.developers.google.com/apis/api/compute.googleapis.com/overview?project=245476585389 then retry. If you enabled this API recently, wait a few minutes for the action to propagate to our systems and retry."},{"@type":"type.googleapis.com/google.rpc.Help","links":[{"description":"Google developers console API activation","url":"https://console.developers.google.com/apis/api/compute.googleapis.com/overview?project=245476585389"}]}]}},"response":{"statusCode":403}},"exit":1,"message":"Request to https://compute.googleapis.com/compute/v1/projects/245476585389 had HTTP Error: 403, Compute Engine API has not been used in project 245476585389 before or it is disabled. Enable it by visiting https://console.developers.google.com/apis/api/compute.googleapis.com/overview?project=245476585389 then retry. If you enabled this API recently, wait a few minutes for the action to propagate to our systems and retry.","status":403}
[info] i  functions: ensuring 245476585389-compute@developer.gserviceaccount.com access to secret SPOTIFY_CLIENT_ID. 
[debug] [2026-09-24T10:21:55.864Z] Checked if tokens are valid: true, expires at: 1790248759216
[debug] [2026-09-24T10:21:55.864Z] Checked if tokens are valid: true, expires at: 1790248759216
[info] i  functions: ensuring 245476585389-compute@developer.gserviceaccount.com access to secret SPOTIFY_CLIENT_SECRET. 
[debug] [2026-09-24T10:21:55.864Z] Checked if tokens are valid: true, expires at: 1790248759216
[debug] [2026-09-24T10:21:55.864Z] Checked if tokens are valid: true, expires at: 1790248759216
[debug] [2026-09-24T10:21:55.864Z] >>> [apiv2][query] GET https://secretmanager.googleapis.com/v1/projects/mixtape-75bdc/secrets/SPOTIFY_CLIENT_ID:getIamPolicy [none]
[debug] [2026-09-24T10:21:55.864Z] >>> [apiv2][query] GET https://secretmanager.googleapis.com/v1/projects/mixtape-75bdc/secrets/SPOTIFY_CLIENT_SECRET:getIamPolicy [none]
[debug] [2026-09-24T10:21:56.183Z] <<< [apiv2][status] GET https://secretmanager.googleapis.com/v1/projects/mixtape-75bdc/secrets/SPOTIFY_CLIENT_ID:getIamPolicy 200
[debug] [2026-09-24T10:21:56.183Z] <<< [apiv2][body] GET https://secretmanager.googleapis.com/v1/projects/mixtape-75bdc/secrets/SPOTIFY_CLIENT_ID:getIamPolicy {"etag":"ACAB"}
[debug] [2026-09-24T10:21:56.184Z] Checked if tokens are valid: true, expires at: 1790248759216
[debug] [2026-09-24T10:21:56.184Z] Checked if tokens are valid: true, expires at: 1790248759216
[debug] [2026-09-24T10:21:56.184Z] >>> [apiv2][query] POST https://secretmanager.googleapis.com/v1/projects/mixtape-75bdc/secrets/SPOTIFY_CLIENT_ID:setIamPolicy [none]
[debug] [2026-09-24T10:21:56.184Z] >>> [apiv2][body] POST https://secretmanager.googleapis.com/v1/projects/mixtape-75bdc/secrets/SPOTIFY_CLIENT_ID:setIamPolicy {"policy":{"bindings":[{"role":"roles/secretmanager.secretAccessor","members":["serviceAccount:245476585389-compute@developer.gserviceaccount.com"]}]},"updateMask":"bindings"}
[debug] [2026-09-24T10:21:56.187Z] <<< [apiv2][status] GET https://secretmanager.googleapis.com/v1/projects/mixtape-75bdc/secrets/SPOTIFY_CLIENT_SECRET:getIamPolicy 200
[debug] [2026-09-24T10:21:56.187Z] <<< [apiv2][body] GET https://secretmanager.googleapis.com/v1/projects/mixtape-75bdc/secrets/SPOTIFY_CLIENT_SECRET:getIamPolicy {"etag":"ACAB"}
[debug] [2026-09-24T10:21:56.187Z] Checked if tokens are valid: true, expires at: 1790248759216
[debug] [2026-09-24T10:21:56.187Z] Checked if tokens are valid: true, expires at: 1790248759216
[debug] [2026-09-24T10:21:56.187Z] >>> [apiv2][query] POST https://secretmanager.googleapis.com/v1/projects/mixtape-75bdc/secrets/SPOTIFY_CLIENT_SECRET:setIamPolicy [none]
[debug] [2026-09-24T10:21:56.187Z] >>> [apiv2][body] POST https://secretmanager.googleapis.com/v1/projects/mixtape-75bdc/secrets/SPOTIFY_CLIENT_SECRET:setIamPolicy {"policy":{"bindings":[{"role":"roles/secretmanager.secretAccessor","members":["serviceAccount:245476585389-compute@developer.gserviceaccount.com"]}]},"updateMask":"bindings"}
[debug] [2026-09-24T10:21:56.860Z] <<< [apiv2][status] POST https://secretmanager.googleapis.com/v1/projects/mixtape-75bdc/secrets/SPOTIFY_CLIENT_SECRET:setIamPolicy 200
[debug] [2026-09-24T10:21:56.860Z] <<< [apiv2][body] POST https://secretmanager.googleapis.com/v1/projects/mixtape-75bdc/secrets/SPOTIFY_CLIENT_SECRET:setIamPolicy {"version":1,"etag":"BwZcN/gq7JE=","bindings":[{"role":"roles/secretmanager.secretAccessor","members":["serviceAccount:245476585389-compute@developer.gserviceaccount.com"]}]}
[info] ✔  secretmanager: Granted roles/secretmanager.secretAccessor on projects/mixtape-75bdc/secrets/SPOTIFY_CLIENT_SECRET to 245476585389-compute@developer.gserviceaccount.com 
[info] ✔  functions: ensured 245476585389-compute@developer.gserviceaccount.com access to SPOTIFY_CLIENT_SECRET. 
[debug] [2026-09-24T10:21:56.875Z] <<< [apiv2][status] POST https://secretmanager.googleapis.com/v1/projects/mixtape-75bdc/secrets/SPOTIFY_CLIENT_ID:setIamPolicy 200
[debug] [2026-09-24T10:21:56.875Z] <<< [apiv2][body] POST https://secretmanager.googleapis.com/v1/projects/mixtape-75bdc/secrets/SPOTIFY_CLIENT_ID:setIamPolicy {"version":1,"etag":"BwZcN/grPzY=","bindings":[{"role":"roles/secretmanager.secretAccessor","members":["serviceAccount:245476585389-compute@developer.gserviceaccount.com"]}]}
[info] ✔  secretmanager: Granted roles/secretmanager.secretAccessor on projects/mixtape-75bdc/secrets/SPOTIFY_CLIENT_ID to 245476585389-compute@developer.gserviceaccount.com 
[info] ✔  functions: ensured 245476585389-compute@developer.gserviceaccount.com access to SPOTIFY_CLIENT_ID. 
[info] i  functions: creating Node.js 24 (2nd Gen) function spotifyLookup(europe-west2)... 
[debug] [2026-09-24T10:21:56.878Z] Checked if tokens are valid: true, expires at: 1790248759216
[debug] [2026-09-24T10:21:56.878Z] Checked if tokens are valid: true, expires at: 1790248759216
[debug] [2026-09-24T10:21:56.878Z] >>> [apiv2][query] POST https://cloudfunctions.googleapis.com/v2/projects/mixtape-75bdc/locations/europe-west2/functions functionId=spotifyLookup
[debug] [2026-09-24T10:21:56.878Z] >>> [apiv2][body] POST https://cloudfunctions.googleapis.com/v2/projects/mixtape-75bdc/locations/europe-west2/functions {"name":"projects/mixtape-75bdc/locations/europe-west2/functions/spotifyLookup","buildConfig":{"runtime":"nodejs24","entryPoint":"spotifyLookup","source":{"storageSource":{"bucket":"gcf-v2-uploads-245476585389.europe-west2.cloudfunctions.appspot.com","object":"ce4cfd8a-8ecd-411e-a529-285c0172a977.zip"}},"environmentVariables":{"GOOGLE_NODE_RUN_SCRIPTS":""}},"serviceConfig":{"environmentVariables":{"FIREBASE_CONFIG":"{\"projectId\":\"mixtape-75bdc\",\"storageBucket\":\"mixtape-75bdc.firebasestorage.app\"}","GCLOUD_PROJECT":"mixtape-75bdc","EVENTARC_CLOUD_EVENT_SOURCE":"projects/mixtape-75bdc/locations/europe-west2/services/spotifyLookup","FUNCTION_REGION":"europe-west2","FUNCTION_TARGET":"spotifyLookup","LOG_EXECUTION_ID":"true"},"secretEnvironmentVariables":[{"key":"SPOTIFY_CLIENT_ID","secret":"SPOTIFY_CLIENT_ID","projectId":"mixtape-75bdc","version":"1"},{"key":"SPOTIFY_CLIENT_SECRET","secret":"SPOTIFY_CLIENT_SECRET","projectId":"mixtape-75bdc","version":"1"}],"ingressSettings":null,"timeoutSeconds":null,"serviceAccountEmail":null,"availableMemory":"256Mi","minInstanceCount":null,"maxInstanceCount":null,"maxInstanceRequestConcurrency":80,"availableCpu":"1","vpcConnector":null,"vpcConnectorEgressSettings":null,"directVpcNetworkInterface":null,"directVpcEgress":null},"labels":{"deployment-tool":"cli-firebase","deployment-callable":"true","firebase-functions-hash":"6a57e5bac0efa9a8fffd33159145721d26a469d7"}}
[debug] [2026-09-24T10:21:57.816Z] <<< [apiv2][status] POST https://cloudfunctions.googleapis.com/v2/projects/mixtape-75bdc/locations/europe-west2/functions 200
[debug] [2026-09-24T10:21:57.816Z] <<< [apiv2][body] POST https://cloudfunctions.googleapis.com/v2/projects/mixtape-75bdc/locations/europe-west2/functions {"name":"projects/mixtape-75bdc/locations/europe-west2/operations/operation-1790245316999-65c37f82e3764-ae105e9c-5172789a","metadata":{"@type":"type.googleapis.com/google.cloud.functions.v2.OperationMetadata","createTime":"2026-09-24T10:21:57.772298150Z","target":"projects/mixtape-75bdc/locations/europe-west2/functions/spotifyLookup","verb":"create","cancelRequested":false,"apiVersion":"v2"},"done":false}
[debug] [2026-09-24T10:21:57.817Z] Checked if tokens are valid: true, expires at: 1790248759216
[debug] [2026-09-24T10:21:57.818Z] Checked if tokens are valid: true, expires at: 1790248759216
[debug] [2026-09-24T10:21:57.818Z] >>> [apiv2][query] GET https://cloudfunctions.googleapis.com/v2/projects/mixtape-75bdc/locations/europe-west2/operations/operation-1790245316999-65c37f82e3764-ae105e9c-5172789a [none]
[debug] [2026-09-24T10:21:57.969Z] <<< [apiv2][status] GET https://cloudfunctions.googleapis.com/v2/projects/mixtape-75bdc/locations/europe-west2/operations/operation-1790245316999-65c37f82e3764-ae105e9c-5172789a 200
[debug] [2026-09-24T10:21:57.969Z] <<< [apiv2][body] GET https://cloudfunctions.googleapis.com/v2/projects/mixtape-75bdc/locations/europe-west2/operations/operation-1790245316999-65c37f82e3764-ae105e9c-5172789a {"name":"projects/mixtape-75bdc/locations/europe-west2/operations/operation-1790245316999-65c37f82e3764-ae105e9c-5172789a","metadata":{"@type":"type.googleapis.com/google.cloud.functions.v2.OperationMetadata","createTime":"2026-09-24T10:21:57.772298150Z","target":"projects/mixtape-75bdc/locations/europe-west2/functions/spotifyLookup","verb":"create","cancelRequested":false,"apiVersion":"v2","requestResource":{"@type":"type.googleapis.com/google.cloud.functions.v2.Function","name":"projects/mixtape-75bdc/locations/europe-west2/functions/spotifyLookup","buildConfig":{"runtime":"nodejs24","entryPoint":"spotifyLookup","source":{"storageSource":{"bucket":"gcf-v2-sources-245476585389-europe-west2","object":"spotifyLookup/function-source.zip","generation":"1790245317326622"}},"environmentVariables":{"GOOGLE_NODE_RUN_SCRIPTS":""},"serviceAccount":"projects/mixtape-75bdc/serviceAccounts/245476585389-compute@developer.gserviceaccount.com","automaticUpdatePolicy":{}},"serviceConfig":{"service":"projects/mixtape-75bdc/locations/europe-west2/services/spotifylookup","timeoutSeconds":60,"environmentVariables":{"FIREBASE_CONFIG":"{\"projectId\":\"mixtape-75bdc\",\"storageBucket\":\"mixtape-75bdc.firebasestorage.app\"}","GCLOUD_PROJECT":"mixtape-75bdc","EVENTARC_CLOUD_EVENT_SOURCE":"projects/mixtape-75bdc/locations/europe-west2/services/spotifyLookup","FUNCTION_REGION":"europe-west2","FUNCTION_TARGET":"spotifyLookup","LOG_EXECUTION_ID":"true"},"ingressSettings":"ALLOW_ALL","serviceAccountEmail":"245476585389-compute@developer.gserviceaccount.com","availableMemory":"256Mi","secretEnvironmentVariables":[{"key":"SPOTIFY_CLIENT_ID","projectId":"mixtape-75bdc","secret":"SPOTIFY_CLIENT_ID","version":"1"},{"key":"SPOTIFY_CLIENT_SECRET","projectId":"mixtape-75bdc","secret":"SPOTIFY_CLIENT_SECRET","version":"1"}],"maxInstanceRequestConcurrency":80,"availableCpu":"1"},"labels":{"deployment-tool":"cli-firebase","deployment-callable":"true","firebase-functions-hash":"6a57e5bac0efa9a8fffd33159145721d26a469d7"},"environment":"GEN_2"},"stages":[{"name":"BUILD","state":"NOT_STARTED"},{"name":"SERVICE","state":"NOT_STARTED"}],"operationType":"CREATE_FUNCTION"},"done":false}
[debug] [2026-09-24T10:21:58.471Z] [create-default-europe-west2-spotifyLookup] Retrying task index 0
[debug] [2026-09-24T10:21:58.472Z] Checked if tokens are valid: true, expires at: 1790248759216
[debug] [2026-09-24T10:21:58.472Z] Checked if tokens are valid: true, expires at: 1790248759216
[debug] [2026-09-24T10:21:58.473Z] >>> [apiv2][query] GET https://cloudfunctions.googleapis.com/v2/projects/mixtape-75bdc/locations/europe-west2/operations/operation-1790245316999-65c37f82e3764-ae105e9c-5172789a [none]
[debug] [2026-09-24T10:21:58.579Z] <<< [apiv2][status] GET https://cloudfunctions.googleapis.com/v2/projects/mixtape-75bdc/locations/europe-west2/operations/operation-1790245316999-65c37f82e3764-ae105e9c-5172789a 200
[debug] [2026-09-24T10:21:58.579Z] <<< [apiv2][body] GET https://cloudfunctions.googleapis.com/v2/projects/mixtape-75bdc/locations/europe-west2/operations/operation-1790245316999-65c37f82e3764-ae105e9c-5172789a {"name":"projects/mixtape-75bdc/locations/europe-west2/operations/operation-1790245316999-65c37f82e3764-ae105e9c-5172789a","metadata":{"@type":"type.googleapis.com/google.cloud.functions.v2.OperationMetadata","createTime":"2026-09-24T10:21:57.772298150Z","target":"projects/mixtape-75bdc/locations/europe-west2/functions/spotifyLookup","verb":"create","cancelRequested":false,"apiVersion":"v2","requestResource":{"@type":"type.googleapis.com/google.cloud.functions.v2.Function","name":"projects/mixtape-75bdc/locations/europe-west2/functions/spotifyLookup","buildConfig":{"runtime":"nodejs24","entryPoint":"spotifyLookup","source":{"storageSource":{"bucket":"gcf-v2-sources-245476585389-europe-west2","object":"spotifyLookup/function-source.zip","generation":"1790245317326622"}},"environmentVariables":{"GOOGLE_NODE_RUN_SCRIPTS":""},"serviceAccount":"projects/mixtape-75bdc/serviceAccounts/245476585389-compute@developer.gserviceaccount.com","automaticUpdatePolicy":{}},"serviceConfig":{"service":"projects/mixtape-75bdc/locations/europe-west2/services/spotifylookup","timeoutSeconds":60,"environmentVariables":{"FIREBASE_CONFIG":"{\"projectId\":\"mixtape-75bdc\",\"storageBucket\":\"mixtape-75bdc.firebasestorage.app\"}","GCLOUD_PROJECT":"mixtape-75bdc","EVENTARC_CLOUD_EVENT_SOURCE":"projects/mixtape-75bdc/locations/europe-west2/services/spotifyLookup","FUNCTION_REGION":"europe-west2","FUNCTION_TARGET":"spotifyLookup","LOG_EXECUTION_ID":"true"},"ingressSettings":"ALLOW_ALL","serviceAccountEmail":"245476585389-compute@developer.gserviceaccount.com","availableMemory":"256Mi","secretEnvironmentVariables":[{"key":"SPOTIFY_CLIENT_ID","projectId":"mixtape-75bdc","secret":"SPOTIFY_CLIENT_ID","version":"1"},{"key":"SPOTIFY_CLIENT_SECRET","projectId":"mixtape-75bdc","secret":"SPOTIFY_CLIENT_SECRET","version":"1"}],"maxInstanceRequestConcurrency":80,"availableCpu":"1"},"labels":{"deployment-tool":"cli-firebase","deployment-callable":"true","firebase-functions-hash":"6a57e5bac0efa9a8fffd33159145721d26a469d7"},"environment":"GEN_2"},"stages":[{"name":"BUILD","state":"NOT_STARTED"},{"name":"SERVICE","state":"NOT_STARTED"}],"operationType":"CREATE_FUNCTION"},"done":false}
[debug] [2026-09-24T10:21:59.579Z] [create-default-europe-west2-spotifyLookup] Retrying task index 0
[debug] [2026-09-24T10:21:59.580Z] Checked if tokens are valid: true, expires at: 1790248759216
[debug] [2026-09-24T10:21:59.580Z] Checked if tokens are valid: true, expires at: 1790248759216
[debug] [2026-09-24T10:21:59.580Z] >>> [apiv2][query] GET https://cloudfunctions.googleapis.com/v2/projects/mixtape-75bdc/locations/europe-west2/operations/operation-1790245316999-65c37f82e3764-ae105e9c-5172789a [none]
[debug] [2026-09-24T10:21:59.682Z] <<< [apiv2][status] GET https://cloudfunctions.googleapis.com/v2/projects/mixtape-75bdc/locations/europe-west2/operations/operation-1790245316999-65c37f82e3764-ae105e9c-5172789a 200
[debug] [2026-09-24T10:21:59.683Z] <<< [apiv2][body] GET https://cloudfunctions.googleapis.com/v2/projects/mixtape-75bdc/locations/europe-west2/operations/operation-1790245316999-65c37f82e3764-ae105e9c-5172789a {"name":"projects/mixtape-75bdc/locations/europe-west2/operations/operation-1790245316999-65c37f82e3764-ae105e9c-5172789a","metadata":{"@type":"type.googleapis.com/google.cloud.functions.v2.OperationMetadata","createTime":"2026-09-24T10:21:57.772298150Z","target":"projects/mixtape-75bdc/locations/europe-west2/functions/spotifyLookup","verb":"create","cancelRequested":false,"apiVersion":"v2","requestResource":{"@type":"type.googleapis.com/google.cloud.functions.v2.Function","name":"projects/mixtape-75bdc/locations/europe-west2/functions/spotifyLookup","buildConfig":{"runtime":"nodejs24","entryPoint":"spotifyLookup","source":{"storageSource":{"bucket":"gcf-v2-sources-245476585389-europe-west2","object":"spotifyLookup/function-source.zip","generation":"1790245317326622"}},"environmentVariables":{"GOOGLE_NODE_RUN_SCRIPTS":""},"serviceAccount":"projects/mixtape-75bdc/serviceAccounts/245476585389-compute@developer.gserviceaccount.com","automaticUpdatePolicy":{}},"serviceConfig":{"service":"projects/mixtape-75bdc/locations/europe-west2/services/spotifylookup","timeoutSeconds":60,"environmentVariables":{"FIREBASE_CONFIG":"{\"projectId\":\"mixtape-75bdc\",\"storageBucket\":\"mixtape-75bdc.firebasestorage.app\"}","GCLOUD_PROJECT":"mixtape-75bdc","EVENTARC_CLOUD_EVENT_SOURCE":"projects/mixtape-75bdc/locations/europe-west2/services/spotifyLookup","FUNCTION_REGION":"europe-west2","FUNCTION_TARGET":"spotifyLookup","LOG_EXECUTION_ID":"true"},"ingressSettings":"ALLOW_ALL","serviceAccountEmail":"245476585389-compute@developer.gserviceaccount.com","availableMemory":"256Mi","secretEnvironmentVariables":[{"key":"SPOTIFY_CLIENT_ID","projectId":"mixtape-75bdc","secret":"SPOTIFY_CLIENT_ID","version":"1"},{"key":"SPOTIFY_CLIENT_SECRET","projectId":"mixtape-75bdc","secret":"SPOTIFY_CLIENT_SECRET","version":"1"}],"maxInstanceRequestConcurrency":80,"availableCpu":"1"},"labels":{"deployment-tool":"cli-firebase","deployment-callable":"true","firebase-functions-hash":"6a57e5bac0efa9a8fffd33159145721d26a469d7"},"environment":"GEN_2"},"stages":[{"name":"BUILD","message":"Build in progress","state":"IN_PROGRESS","resource":"projects/245476585389/locations/europe-west2/builds/39737519-f2d6-4c25-8ea9-ee451bccccda","resourceUri":"https://console.cloud.google.com/cloud-build/builds;region=europe-west2/39737519-f2d6-4c25-8ea9-ee451bccccda?project=245476585389"},{"name":"SERVICE","state":"NOT_STARTED"}],"operationType":"CREATE_FUNCTION","buildName":"projects/245476585389/locations/europe-west2/builds/39737519-f2d6-4c25-8ea9-ee451bccccda"},"done":false}
[debug] [2026-09-24T10:22:01.687Z] [create-default-europe-west2-spotifyLookup] Retrying task index 0
[debug] [2026-09-24T10:22:01.688Z] Checked if tokens are valid: true, expires at: 1790248759216
[debug] [2026-09-24T10:22:01.688Z] Checked if tokens are valid: true, expires at: 1790248759216
[debug] [2026-09-24T10:22:01.688Z] >>> [apiv2][query] GET https://cloudfunctions.googleapis.com/v2/projects/mixtape-75bdc/locations/europe-west2/operations/operation-1790245316999-65c37f82e3764-ae105e9c-5172789a [none]
[debug] [2026-09-24T10:22:01.826Z] <<< [apiv2][status] GET https://cloudfunctions.googleapis.com/v2/projects/mixtape-75bdc/locations/europe-west2/operations/operation-1790245316999-65c37f82e3764-ae105e9c-5172789a 200
[debug] [2026-09-24T10:22:01.827Z] <<< [apiv2][body] GET https://cloudfunctions.googleapis.com/v2/projects/mixtape-75bdc/locations/europe-west2/operations/operation-1790245316999-65c37f82e3764-ae105e9c-5172789a {"name":"projects/mixtape-75bdc/locations/europe-west2/operations/operation-1790245316999-65c37f82e3764-ae105e9c-5172789a","metadata":{"@type":"type.googleapis.com/google.cloud.functions.v2.OperationMetadata","createTime":"2026-09-24T10:21:57.772298150Z","target":"projects/mixtape-75bdc/locations/europe-west2/functions/spotifyLookup","verb":"create","cancelRequested":false,"apiVersion":"v2","requestResource":{"@type":"type.googleapis.com/google.cloud.functions.v2.Function","name":"projects/mixtape-75bdc/locations/europe-west2/functions/spotifyLookup","buildConfig":{"runtime":"nodejs24","entryPoint":"spotifyLookup","source":{"storageSource":{"bucket":"gcf-v2-sources-245476585389-europe-west2","object":"spotifyLookup/function-source.zip","generation":"1790245317326622"}},"environmentVariables":{"GOOGLE_NODE_RUN_SCRIPTS":""},"serviceAccount":"projects/mixtape-75bdc/serviceAccounts/245476585389-compute@developer.gserviceaccount.com","automaticUpdatePolicy":{}},"serviceConfig":{"service":"projects/mixtape-75bdc/locations/europe-west2/services/spotifylookup","timeoutSeconds":60,"environmentVariables":{"FIREBASE_CONFIG":"{\"projectId\":\"mixtape-75bdc\",\"storageBucket\":\"mixtape-75bdc.firebasestorage.app\"}","GCLOUD_PROJECT":"mixtape-75bdc","EVENTARC_CLOUD_EVENT_SOURCE":"projects/mixtape-75bdc/locations/europe-west2/services/spotifyLookup","FUNCTION_REGION":"europe-west2","FUNCTION_TARGET":"spotifyLookup","LOG_EXECUTION_ID":"true"},"ingressSettings":"ALLOW_ALL","serviceAccountEmail":"245476585389-compute@developer.gserviceaccount.com","availableMemory":"256Mi","secretEnvironmentVariables":[{"key":"SPOTIFY_CLIENT_ID","projectId":"mixtape-75bdc","secret":"SPOTIFY_CLIENT_ID","version":"1"},{"key":"SPOTIFY_CLIENT_SECRET","projectId":"mixtape-75bdc","secret":"SPOTIFY_CLIENT_SECRET","version":"1"}],"maxInstanceRequestConcurrency":80,"availableCpu":"1"},"labels":{"deployment-tool":"cli-firebase","deployment-callable":"true","firebase-functions-hash":"6a57e5bac0efa9a8fffd33159145721d26a469d7"},"environment":"GEN_2"},"stages":[{"name":"BUILD","message":"Build in progress","state":"IN_PROGRESS","resource":"projects/245476585389/locations/europe-west2/builds/39737519-f2d6-4c25-8ea9-ee451bccccda","resourceUri":"https://console.cloud.google.com/cloud-build/builds;region=europe-west2/39737519-f2d6-4c25-8ea9-ee451bccccda?project=245476585389"},{"name":"SERVICE","state":"NOT_STARTED"}],"operationType":"CREATE_FUNCTION","buildName":"projects/245476585389/locations/europe-west2/builds/39737519-f2d6-4c25-8ea9-ee451bccccda"},"done":false}
[debug] [2026-09-24T10:22:05.827Z] [create-default-europe-west2-spotifyLookup] Retrying task index 0
[debug] [2026-09-24T10:22:05.828Z] Checked if tokens are valid: true, expires at: 1790248759216
[debug] [2026-09-24T10:22:05.828Z] Checked if tokens are valid: true, expires at: 1790248759216
[debug] [2026-09-24T10:22:05.828Z] >>> [apiv2][query] GET https://cloudfunctions.googleapis.com/v2/projects/mixtape-75bdc/locations/europe-west2/operations/operation-1790245316999-65c37f82e3764-ae105e9c-5172789a [none]
[debug] [2026-09-24T10:22:05.973Z] <<< [apiv2][status] GET https://cloudfunctions.googleapis.com/v2/projects/mixtape-75bdc/locations/europe-west2/operations/operation-1790245316999-65c37f82e3764-ae105e9c-5172789a 200
[debug] [2026-09-24T10:22:05.974Z] <<< [apiv2][body] GET https://cloudfunctions.googleapis.com/v2/projects/mixtape-75bdc/locations/europe-west2/operations/operation-1790245316999-65c37f82e3764-ae105e9c-5172789a {"name":"projects/mixtape-75bdc/locations/europe-west2/operations/operation-1790245316999-65c37f82e3764-ae105e9c-5172789a","metadata":{"@type":"type.googleapis.com/google.cloud.functions.v2.OperationMetadata","createTime":"2026-09-24T10:21:57.772298150Z","target":"projects/mixtape-75bdc/locations/europe-west2/functions/spotifyLookup","verb":"create","cancelRequested":false,"apiVersion":"v2","requestResource":{"@type":"type.googleapis.com/google.cloud.functions.v2.Function","name":"projects/mixtape-75bdc/locations/europe-west2/functions/spotifyLookup","buildConfig":{"runtime":"nodejs24","entryPoint":"spotifyLookup","source":{"storageSource":{"bucket":"gcf-v2-sources-245476585389-europe-west2","object":"spotifyLookup/function-source.zip","generation":"1790245317326622"}},"environmentVariables":{"GOOGLE_NODE_RUN_SCRIPTS":""},"serviceAccount":"projects/mixtape-75bdc/serviceAccounts/245476585389-compute@developer.gserviceaccount.com","automaticUpdatePolicy":{}},"serviceConfig":{"service":"projects/mixtape-75bdc/locations/europe-west2/services/spotifylookup","timeoutSeconds":60,"environmentVariables":{"FIREBASE_CONFIG":"{\"projectId\":\"mixtape-75bdc\",\"storageBucket\":\"mixtape-75bdc.firebasestorage.app\"}","GCLOUD_PROJECT":"mixtape-75bdc","EVENTARC_CLOUD_EVENT_SOURCE":"projects/mixtape-75bdc/locations/europe-west2/services/spotifyLookup","FUNCTION_REGION":"europe-west2","FUNCTION_TARGET":"spotifyLookup","LOG_EXECUTION_ID":"true"},"ingressSettings":"ALLOW_ALL","serviceAccountEmail":"245476585389-compute@developer.gserviceaccount.com","availableMemory":"256Mi","secretEnvironmentVariables":[{"key":"SPOTIFY_CLIENT_ID","projectId":"mixtape-75bdc","secret":"SPOTIFY_CLIENT_ID","version":"1"},{"key":"SPOTIFY_CLIENT_SECRET","projectId":"mixtape-75bdc","secret":"SPOTIFY_CLIENT_SECRET","version":"1"}],"maxInstanceRequestConcurrency":80,"availableCpu":"1"},"labels":{"deployment-tool":"cli-firebase","deployment-callable":"true","firebase-functions-hash":"6a57e5bac0efa9a8fffd33159145721d26a469d7"},"environment":"GEN_2"},"stages":[{"name":"BUILD","message":"Build in progress","state":"IN_PROGRESS","resource":"projects/245476585389/locations/europe-west2/builds/39737519-f2d6-4c25-8ea9-ee451bccccda","resourceUri":"https://console.cloud.google.com/cloud-build/builds;region=europe-west2/39737519-f2d6-4c25-8ea9-ee451bccccda?project=245476585389"},{"name":"SERVICE","state":"NOT_STARTED"}],"operationType":"CREATE_FUNCTION","buildName":"projects/245476585389/locations/europe-west2/builds/39737519-f2d6-4c25-8ea9-ee451bccccda"},"done":false}
[debug] [2026-09-24T10:22:13.976Z] [create-default-europe-west2-spotifyLookup] Retrying task index 0
[debug] [2026-09-24T10:22:13.976Z] Checked if tokens are valid: true, expires at: 1790248759216
[debug] [2026-09-24T10:22:13.976Z] Checked if tokens are valid: true, expires at: 1790248759216
[debug] [2026-09-24T10:22:13.977Z] >>> [apiv2][query] GET https://cloudfunctions.googleapis.com/v2/projects/mixtape-75bdc/locations/europe-west2/operations/operation-1790245316999-65c37f82e3764-ae105e9c-5172789a [none]
[debug] [2026-09-24T10:22:14.139Z] <<< [apiv2][status] GET https://cloudfunctions.googleapis.com/v2/projects/mixtape-75bdc/locations/europe-west2/operations/operation-1790245316999-65c37f82e3764-ae105e9c-5172789a 200
[debug] [2026-09-24T10:22:14.139Z] <<< [apiv2][body] GET https://cloudfunctions.googleapis.com/v2/projects/mixtape-75bdc/locations/europe-west2/operations/operation-1790245316999-65c37f82e3764-ae105e9c-5172789a {"name":"projects/mixtape-75bdc/locations/europe-west2/operations/operation-1790245316999-65c37f82e3764-ae105e9c-5172789a","metadata":{"@type":"type.googleapis.com/google.cloud.functions.v2.OperationMetadata","createTime":"2026-09-24T10:21:57.772298150Z","target":"projects/mixtape-75bdc/locations/europe-west2/functions/spotifyLookup","verb":"create","cancelRequested":false,"apiVersion":"v2","requestResource":{"@type":"type.googleapis.com/google.cloud.functions.v2.Function","name":"projects/mixtape-75bdc/locations/europe-west2/functions/spotifyLookup","buildConfig":{"runtime":"nodejs24","entryPoint":"spotifyLookup","source":{"storageSource":{"bucket":"gcf-v2-sources-245476585389-europe-west2","object":"spotifyLookup/function-source.zip","generation":"1790245317326622"}},"environmentVariables":{"GOOGLE_NODE_RUN_SCRIPTS":""},"serviceAccount":"projects/mixtape-75bdc/serviceAccounts/245476585389-compute@developer.gserviceaccount.com","automaticUpdatePolicy":{}},"serviceConfig":{"service":"projects/mixtape-75bdc/locations/europe-west2/services/spotifylookup","timeoutSeconds":60,"environmentVariables":{"FIREBASE_CONFIG":"{\"projectId\":\"mixtape-75bdc\",\"storageBucket\":\"mixtape-75bdc.firebasestorage.app\"}","GCLOUD_PROJECT":"mixtape-75bdc","EVENTARC_CLOUD_EVENT_SOURCE":"projects/mixtape-75bdc/locations/europe-west2/services/spotifyLookup","FUNCTION_REGION":"europe-west2","FUNCTION_TARGET":"spotifyLookup","LOG_EXECUTION_ID":"true"},"ingressSettings":"ALLOW_ALL","serviceAccountEmail":"245476585389-compute@developer.gserviceaccount.com","availableMemory":"256Mi","secretEnvironmentVariables":[{"key":"SPOTIFY_CLIENT_ID","projectId":"mixtape-75bdc","secret":"SPOTIFY_CLIENT_ID","version":"1"},{"key":"SPOTIFY_CLIENT_SECRET","projectId":"mixtape-75bdc","secret":"SPOTIFY_CLIENT_SECRET","version":"1"}],"maxInstanceRequestConcurrency":80,"availableCpu":"1"},"labels":{"deployment-tool":"cli-firebase","deployment-callable":"true","firebase-functions-hash":"6a57e5bac0efa9a8fffd33159145721d26a469d7"},"environment":"GEN_2"},"stages":[{"name":"BUILD","message":"Build in progress","state":"IN_PROGRESS","resource":"projects/245476585389/locations/europe-west2/builds/39737519-f2d6-4c25-8ea9-ee451bccccda","resourceUri":"https://console.cloud.google.com/cloud-build/builds;region=europe-west2/39737519-f2d6-4c25-8ea9-ee451bccccda?project=245476585389"},{"name":"SERVICE","state":"NOT_STARTED"}],"operationType":"CREATE_FUNCTION","buildName":"projects/245476585389/locations/europe-west2/builds/39737519-f2d6-4c25-8ea9-ee451bccccda"},"done":false}
[debug] [2026-09-24T10:22:24.141Z] [create-default-europe-west2-spotifyLookup] Retrying task index 0
[debug] [2026-09-24T10:22:24.142Z] Checked if tokens are valid: true, expires at: 1790248759216
[debug] [2026-09-24T10:22:24.142Z] Checked if tokens are valid: true, expires at: 1790248759216
[debug] [2026-09-24T10:22:24.142Z] >>> [apiv2][query] GET https://cloudfunctions.googleapis.com/v2/projects/mixtape-75bdc/locations/europe-west2/operations/operation-1790245316999-65c37f82e3764-ae105e9c-5172789a [none]
[debug] [2026-09-24T10:22:24.306Z] <<< [apiv2][status] GET https://cloudfunctions.googleapis.com/v2/projects/mixtape-75bdc/locations/europe-west2/operations/operation-1790245316999-65c37f82e3764-ae105e9c-5172789a 200
[debug] [2026-09-24T10:22:24.306Z] <<< [apiv2][body] GET https://cloudfunctions.googleapis.com/v2/projects/mixtape-75bdc/locations/europe-west2/operations/operation-1790245316999-65c37f82e3764-ae105e9c-5172789a {"name":"projects/mixtape-75bdc/locations/europe-west2/operations/operation-1790245316999-65c37f82e3764-ae105e9c-5172789a","metadata":{"@type":"type.googleapis.com/google.cloud.functions.v2.OperationMetadata","createTime":"2026-09-24T10:21:57.772298150Z","target":"projects/mixtape-75bdc/locations/europe-west2/functions/spotifyLookup","verb":"create","cancelRequested":false,"apiVersion":"v2","requestResource":{"@type":"type.googleapis.com/google.cloud.functions.v2.Function","name":"projects/mixtape-75bdc/locations/europe-west2/functions/spotifyLookup","buildConfig":{"runtime":"nodejs24","entryPoint":"spotifyLookup","source":{"storageSource":{"bucket":"gcf-v2-sources-245476585389-europe-west2","object":"spotifyLookup/function-source.zip","generation":"1790245317326622"}},"environmentVariables":{"GOOGLE_NODE_RUN_SCRIPTS":""},"serviceAccount":"projects/mixtape-75bdc/serviceAccounts/245476585389-compute@developer.gserviceaccount.com","automaticUpdatePolicy":{}},"serviceConfig":{"service":"projects/mixtape-75bdc/locations/europe-west2/services/spotifylookup","timeoutSeconds":60,"environmentVariables":{"FIREBASE_CONFIG":"{\"projectId\":\"mixtape-75bdc\",\"storageBucket\":\"mixtape-75bdc.firebasestorage.app\"}","GCLOUD_PROJECT":"mixtape-75bdc","EVENTARC_CLOUD_EVENT_SOURCE":"projects/mixtape-75bdc/locations/europe-west2/services/spotifyLookup","FUNCTION_REGION":"europe-west2","FUNCTION_TARGET":"spotifyLookup","LOG_EXECUTION_ID":"true"},"ingressSettings":"ALLOW_ALL","serviceAccountEmail":"245476585389-compute@developer.gserviceaccount.com","availableMemory":"256Mi","secretEnvironmentVariables":[{"key":"SPOTIFY_CLIENT_ID","projectId":"mixtape-75bdc","secret":"SPOTIFY_CLIENT_ID","version":"1"},{"key":"SPOTIFY_CLIENT_SECRET","projectId":"mixtape-75bdc","secret":"SPOTIFY_CLIENT_SECRET","version":"1"}],"maxInstanceRequestConcurrency":80,"availableCpu":"1"},"labels":{"deployment-tool":"cli-firebase","deployment-callable":"true","firebase-functions-hash":"6a57e5bac0efa9a8fffd33159145721d26a469d7"},"environment":"GEN_2"},"stages":[{"name":"BUILD","message":"Build in progress","state":"IN_PROGRESS","resource":"projects/245476585389/locations/europe-west2/builds/39737519-f2d6-4c25-8ea9-ee451bccccda","resourceUri":"https://console.cloud.google.com/cloud-build/builds;region=europe-west2/39737519-f2d6-4c25-8ea9-ee451bccccda?project=245476585389"},{"name":"SERVICE","state":"NOT_STARTED"}],"operationType":"CREATE_FUNCTION","buildName":"projects/245476585389/locations/europe-west2/builds/39737519-f2d6-4c25-8ea9-ee451bccccda"},"done":false}
[debug] [2026-09-24T10:22:34.306Z] [create-default-europe-west2-spotifyLookup] Retrying task index 0
[debug] [2026-09-24T10:22:34.307Z] Checked if tokens are valid: true, expires at: 1790248759216
[debug] [2026-09-24T10:22:34.307Z] Checked if tokens are valid: true, expires at: 1790248759216
[debug] [2026-09-24T10:22:34.307Z] >>> [apiv2][query] GET https://cloudfunctions.googleapis.com/v2/projects/mixtape-75bdc/locations/europe-west2/operations/operation-1790245316999-65c37f82e3764-ae105e9c-5172789a [none]
[debug] [2026-09-24T10:22:34.386Z] <<< [apiv2][status] GET https://cloudfunctions.googleapis.com/v2/projects/mixtape-75bdc/locations/europe-west2/operations/operation-1790245316999-65c37f82e3764-ae105e9c-5172789a 200
[debug] [2026-09-24T10:22:34.387Z] <<< [apiv2][body] GET https://cloudfunctions.googleapis.com/v2/projects/mixtape-75bdc/locations/europe-west2/operations/operation-1790245316999-65c37f82e3764-ae105e9c-5172789a {"name":"projects/mixtape-75bdc/locations/europe-west2/operations/operation-1790245316999-65c37f82e3764-ae105e9c-5172789a","metadata":{"@type":"type.googleapis.com/google.cloud.functions.v2.OperationMetadata","createTime":"2026-09-24T10:21:57.772298150Z","target":"projects/mixtape-75bdc/locations/europe-west2/functions/spotifyLookup","verb":"create","cancelRequested":false,"apiVersion":"v2","requestResource":{"@type":"type.googleapis.com/google.cloud.functions.v2.Function","name":"projects/mixtape-75bdc/locations/europe-west2/functions/spotifyLookup","buildConfig":{"runtime":"nodejs24","entryPoint":"spotifyLookup","source":{"storageSource":{"bucket":"gcf-v2-sources-245476585389-europe-west2","object":"spotifyLookup/function-source.zip","generation":"1790245317326622"}},"environmentVariables":{"GOOGLE_NODE_RUN_SCRIPTS":""},"serviceAccount":"projects/mixtape-75bdc/serviceAccounts/245476585389-compute@developer.gserviceaccount.com","automaticUpdatePolicy":{}},"serviceConfig":{"service":"projects/mixtape-75bdc/locations/europe-west2/services/spotifylookup","timeoutSeconds":60,"environmentVariables":{"FIREBASE_CONFIG":"{\"projectId\":\"mixtape-75bdc\",\"storageBucket\":\"mixtape-75bdc.firebasestorage.app\"}","GCLOUD_PROJECT":"mixtape-75bdc","EVENTARC_CLOUD_EVENT_SOURCE":"projects/mixtape-75bdc/locations/europe-west2/services/spotifyLookup","FUNCTION_REGION":"europe-west2","FUNCTION_TARGET":"spotifyLookup","LOG_EXECUTION_ID":"true"},"ingressSettings":"ALLOW_ALL","serviceAccountEmail":"245476585389-compute@developer.gserviceaccount.com","availableMemory":"256Mi","secretEnvironmentVariables":[{"key":"SPOTIFY_CLIENT_ID","projectId":"mixtape-75bdc","secret":"SPOTIFY_CLIENT_ID","version":"1"},{"key":"SPOTIFY_CLIENT_SECRET","projectId":"mixtape-75bdc","secret":"SPOTIFY_CLIENT_SECRET","version":"1"}],"maxInstanceRequestConcurrency":80,"availableCpu":"1"},"labels":{"deployment-tool":"cli-firebase","deployment-callable":"true","firebase-functions-hash":"6a57e5bac0efa9a8fffd33159145721d26a469d7"},"environment":"GEN_2"},"stages":[{"name":"BUILD","message":"Build in progress","state":"IN_PROGRESS","resource":"projects/245476585389/locations/europe-west2/builds/39737519-f2d6-4c25-8ea9-ee451bccccda","resourceUri":"https://console.cloud.google.com/cloud-build/builds;region=europe-west2/39737519-f2d6-4c25-8ea9-ee451bccccda?project=245476585389"},{"name":"SERVICE","state":"NOT_STARTED"}],"operationType":"CREATE_FUNCTION","buildName":"projects/245476585389/locations/europe-west2/builds/39737519-f2d6-4c25-8ea9-ee451bccccda"},"done":false}
